
======================================================================
Traceback (most recent call last):
  File "Z:\ultravioleta\dao\karmacadabra\scripts\test_real_x402_payment.py", line 456, in <module>
    main()
  File "Z:\ultravioleta\dao\karmacadabra\scripts\test_real_x402_payment.py", line 283, in main
    print("\U0001f680 REAL X402 PAYMENT TEST")
  File "C:\Python311\Lib\encodings\cp1252.py", line 19, in encode
    return codecs.charmap_encode(input,self.errors,encoding_table)[0]
           ^^^^^^^^^^^^^^^^^^^^^^^^^^^^^^^^^^^^^^^^^^^^^^^^^^^^^^^
UnicodeEncodeError: 'charmap' codec can't encode character '\U0001f680' in position 0: character maps to <undefined>
